Microchip MPLAB XC8 Compiler V2.46

Linker command line:

-W-3 \
  --edf=C:\Program Files\Microchip\xc8\v2.46\pic\dat\20240104201356_en.msgs \
  -pivt0x8=08h -cn -h+dist/default/production\ACDM.X.production.sym \
  --cmf=dist/default/production\ACDM.X.production.cmf -z -Q18F57Q84 \
  -oC:\Users\Rizwan\AppData\Local\Temp\xcAs17r4.\driver_tmp_3.o \
  --defsym=__MPLAB_BUILD=1 --fixupoverflow=error \
  -Mdist/default/production/ACDM.X.production.map \
  --md=C:\Users\Rizwan\AppData\Local\Temp\xcAs17r4.\driver_tmp_0.dat -E1 \
  -ver=XC8 Compiler --acfsm=1493 -ACODE=00h-01FFFFh -ACONST=00h-01FFFFh \
  -ASMALLCONST=03700h-037FFhx457 \
  -AMEDIUMCONST=03700h-0FFFFh,013700h-01FFFFh -ACOMRAM=0501h-055Fh \
  -AABS1=0500h-036FFh -ABIGRAM=0501h-036FFh \
  -ARAM=0560h-05FFh,0600h-06FFhx49 -ABANK5=0560h-05FFh -ABANK6=0600h-06FFh \
  -ABANK7=0700h-07FFh -ABANK8=0800h-08FFh -ABANK9=0900h-09FFh \
  -ABANK10=0A00h-0AFFh -ABANK11=0B00h-0BFFh -ABANK12=0C00h-0CFFh \
  -ABANK13=0D00h-0DFFh -ABANK14=0E00h-0EFFh -ABANK15=0F00h-0FFFh \
  -ABANK16=01000h-010FFh -ABANK17=01100h-011FFh -ABANK18=01200h-012FFh \
  -ABANK19=01300h-013FFh -ABANK20=01400h-014FFh -ABANK21=01500h-015FFh \
  -ABANK22=01600h-016FFh -ABANK23=01700h-017FFh -ABANK24=01800h-018FFh \
  -ABANK25=01900h-019FFh -ABANK26=01A00h-01AFFh -ABANK27=01B00h-01BFFh \
  -ABANK28=01C00h-01CFFh -ABANK29=01D00h-01DFFh -ABANK30=01E00h-01EFFh \
  -ABANK31=01F00h-01FFFh -ABANK32=02000h-020FFh -ABANK33=02100h-021FFh \
  -ABANK34=02200h-022FFh -ABANK35=02300h-023FFh -ABANK36=02400h-024FFh \
  -ABANK37=02500h-025FFh -ABANK38=02600h-026FFh -ABANK39=02700h-027FFh \
  -ABANK40=02800h-028FFh -ABANK41=02900h-029FFh -ABANK42=02A00h-02AFFh \
  -ABANK43=02B00h-02BFFh -ABANK44=02C00h-02CFFh -ABANK45=02D00h-02DFFh \
  -ABANK46=02E00h-02EFFh -ABANK47=02F00h-02FFFh -ABANK48=03000h-030FFh \
  -ABANK49=03100h-031FFh -ABANK50=03200h-032FFh -ABANK51=03300h-033FFh \
  -ABANK52=03400h-034FFh -ABANK53=03500h-035FFh -ABANK54=03600h-036FFh \
  -ASFR=00h-0FFhx4,0400h-045Fh,0460h-04FFh,03700h-037FFhx9 \
  -ABIGSFR=00h-04FFh,03700h-03FFFh -ACONFIG=0300000h-0300023h \
  -AIDLOC=0200000h-020003Fh -AEEDATA=0380000h-03803FFh -peeprom_data=EEDATA \
  -preset_vec=00h -ppowerup=CODE,init -pramtop=03700h \
  -psmallconst=SMALLCONST -pmediumconst=MEDIUMCONST -pconst=CONST \
  -AFARRAM=00h-00h \
  -prdata=COMRAM,nvrram=COMRAM,nvbit=COMRAM,rbss=COMRAM,rbit=COMRAM \
  -pfarbss=FARRAM,fardata=FARRAM,nvFARRAM=FARRAM \
  -pintsave_regs=BIGRAM,bigbss=BIGRAM,bigdata=BIGRAM -pbss=RAM \
  -pidata=CODE,irdata=CODE,ibigdata=CODE,ifardata=CODE -prparam=COMRAM \
  C:\Users\Rizwan\AppData\Local\Temp\xcAs17r4.\driver_tmp_14.o \
  dist/default/production\ACDM.X.production.o 

Object code version is 3.11

Machine type is 18F57Q84



                Name                               Link     Load   Length Selector   Space Scale
C:\Users\Rizwan\AppData\Local\Temp\xcAs17r4.\driver_tmp_14.o
                config                           300000   300000       23        0       4
                init                                 1A       1A        4        4       0
                reset_vec                             0        0        4        0       0
dist/default/production\ACDM.X.production.o
                config                           300000   300000       23        0       4
                mediumconst                        F9AC     F9AC      654     7CD6       0
                ivt0x8                                8        8       12        4       0
                text129                           14DFC    14DFC        2     8000       0
                text128                           14DBC    14DBC        8     8000       0
                text127                           14912    14912       32     8000       0
                text126                           14DB4    14DB4        8     8000       0
                text125                           14DEA    14DEA        4     8000       0
                text124                           14DFA    14DFA        2     8000       0
                text123                           14C9C    14C9C       12     8000       0
                text122                           13C42    13C42       98     8000       0
                text121                           14C72    14C72       16     8000       0
                text120                           14634    14634       46     8000       0
                text119                           13CDA    13CDA       92     8000       0
                text118                           1459A    1459A       50     8000       0
                text117                           14DF8    14DF8        2     8000       0
                text116                           14DF6    14DF6        2     8000       0
                text115                           148AC    148AC       34     8000       0
                text114                           14DF4    14DF4        2     8000       0
                text113                           14DF2    14DF2        2     8000       0
                text112                           14DF0    14DF0        2     8000       0
                text111                           14DEE    14DEE        2     8000       0
                text110                           14A88    14A88       26     8000       0
                text109                           12FEA    12FEA      124     8000       0
                text108                           14702    14702       3A     8000       0
                text107                           12E88    12E88      162     8000       0
                text106                           1473C    1473C       38     8000       0
                text105                           14BE2    14BE2       22     8000       0
                text104                           14878    14878       34     8000       0
                text103                           14844    14844       34     8000       0
                text102                           13E7E    13E7E       7C     8000       0
                text101                           14C88    14C88       14     8000       0
                text100                           14DDC    14DDC        6     8000       0
                text99                            14DD6    14DD6        6     8000       0
                text98                            14998    14998       2A     8000       0
                text97                            13828    13828       C0     8000       0
                text96                            14C04    14C04       20     8000       0
                text95                            145EA    145EA       4A     8000       0
                text94                            146BE    146BE       44     8000       0
                text93                            14A3A    14A3A       28     8000       0
                text92                            14272    14272       62     8000       0
                text91                            14548    14548       52     8000       0
                text90                            138E8    138E8       B4     8000       0
                text89                            14C5C    14C5C       16     8000       0
                text88                            13B9E    13B9E       A4     8000       0
                text87                            13DF6    13DF6       88     8000       0
                text86                            12D16    12D16      172     8000       0
                text85                            1413A    1413A       6A     8000       0
                text84                            1399C    1399C       B0     8000       0
                text83                            12448    12448      20A     8000       0
                text82                            14D9A    14D9A        A     8000       0
                text81                            107EC    107EC      586     8000       0
                text80                            1420C    1420C       66     8000       0
                text79                            10000    10000      7EC     8000       0
                text78                            12B88    12B88      18E     8000       0
                text77                            13764    13764       C4     8000       0
                text76                            14DD0    14DD0        6     8000       0
                text75                            11E52    11E52      392     8000       0
                text74                            14C42    14C42       1A     8000       0
                text73                            135C6    135C6       D4     8000       0
                text72                            14BC0    14BC0       22     8000       0
                text71                            14810    14810       34     8000       0
                text70                            14D64    14D64        E     8000       0
                text69                            14D56    14D56        E     8000       0
                text68                            14D48    14D48        E     8000       0
                text67                            14450    14450       54     8000       0
                text66                            14DCA    14DCA        6     8000       0
                text65                            14D90    14D90        A     8000       0
                text64                            1310E    1310E      114     8000       0
                text63                            14D3A    14D3A        E     8000       0
                text62                            14D2C    14D2C        E     8000       0
                text61                            14D1E    14D1E        E     8000       0
                text60                            13F74    13F74       7A     8000       0
                text59                            14D10    14D10        E     8000       0
                text58                            14D02    14D02        E     8000       0
                text57                            14CF4    14CF4        E     8000       0
                text56                            13EFA    13EFA       7A     8000       0
                text55                            14CE6    14CE6        E     8000       0
                text54                            14CD8    14CD8        E     8000       0
                text53                            1467A    1467A       44     8000       0
                text52                            14CCA    14CCA        E     8000       0
                text51                            1496E    1496E       2A     8000       0
                text50                            14CBC    14CBC        E     8000       0
                text49                            14CAE    14CAE        E     8000       0
                text48                            144F6    144F6       52     8000       0
                text47                            14B9E    14B9E       22     8000       0
                text46                            14B7C    14B7C       22     8000       0
                text45                            14B5A    14B5A       22     8000       0
                text44                            13D6C    13D6C       8A     8000       0
                text43                            14B38    14B38       22     8000       0
                text42                            14B16    14B16       22     8000       0
                text41                            14AF4    14AF4       22     8000       0
                text40                            13A4C    13A4C       AE     8000       0
                text39                            148E0    148E0       32     8000       0
                text38                            14DC4    14DC4        6     8000       0
                text37                            14AD2    14AD2       22     8000       0
                text36                            141A4    141A4       68     8000       0
                text35                            14944    14944       2A     8000       0
                text34                            14DAC    14DAC        8     8000       0
                text33                            14C24    14C24       1E     8000       0
                text32                            1369A    1369A       CA     8000       0
                text31                            12652    12652      1C6     8000       0
                text30                            144A4    144A4       52     8000       0
                text29                            14A62    14A62       26     8000       0
                text28                            14A12    14A12       28     8000       0
                text27                            149EA    149EA       28     8000       0
                text26                            140CE    140CE       6C     8000       0
                text25                            12818    12818      1BC     8000       0
                text24                            1165C    1165C      40C     8000       0
                text23                            121E4    121E4      264     8000       0
                text22                            10D72    10D72      4C0     8000       0
                text21                            11232    11232      42A     8000       0
                text20                            13222    13222      106     8000       0
                text19                            129D4    129D4      1B4     8000       0
                text18                            13FEE    13FEE       72     8000       0
                text17                            11A68    11A68      3EA     8000       0
                text16                            14394    14394       60     8000       0
                text15                            143F4    143F4       5C     8000       0
                text14                            14AAE    14AAE       24     8000       0
                text13                            14060    14060       6E     8000       0
                text12                            14334    14334       60     8000       0
                text11                            142D4    142D4       60     8000       0
                text10                            13AFA    13AFA       A4     8000       0
                text9                             14DE6    14DE6        4     8000       0
                text8                             14D86    14D86        A     8000       0
                text7                             14D7C    14D7C        A     8000       0
                text6                             14DE2    14DE2        4     8000       0
                text5                             14D72    14D72        A     8000       0
                text4                             147DC    147DC       34     8000       0
                text3                             147A8    147A8       34     8000       0
                text2                             14774    14774       34     8000       0
                text1                             134F2    134F2       D4     8000       0
                text0                             13328    13328       EA     8000       0
                cstackCOMRAM                        501      501       57      501       1
                cstackBANK5                         5B1      5B1       46      560       1
                cstackBANK6                         600      600       D0      600       1
                bssBANK12                           C00      C00      100      C00       1
                bssBANK11                           B00      B00      100      B00       1
                bssBANK10                           A00      A00      100      A00       1
                bssBANK9                            900      900       88      900       1
                bssBANK8                            800      800      100      800       1
                dataBANK7                           7C2      7C2       28      700       1
                bssBANK7                            700      700       C2      700       1
                dataBANK6                           6F6      6F6        8      600       1
                bssBANK6                            6E5      6E5       11      600       1
                bssBANK5                            560      560       51      560       1
                bssCOMRAM                           558      558        8      501       1
                cinit                             13412    13412       E0     8000       0
                nvBANK7                             7EA      7EA        3      700       1
                nvBANK6                             6D0      6D0       15      600       1
                nvBANK5                             5F7      5F7        9      560       1
                idataBANK7                        149C2    149C2       28     8000       0
                idataBANK6                        14DA4    14DA4        8     8000       0

TOTAL           Name                               Link     Load   Length     Space
        CLASS   CODE           
                init                                 1A       1A        4         0
                reset_vec                             0        0        4         0
                ivt0x8                                8        8       12         0
                text129                           14DFC    14DFC        2         0
                text128                           14DBC    14DBC        8         0
                text127                           14912    14912       32         0
                text126                           14DB4    14DB4        8         0
                text125                           14DEA    14DEA        4         0
                text124                           14DFA    14DFA        2         0
                text123                           14C9C    14C9C       12         0
                text122                           13C42    13C42       98         0
                text121                           14C72    14C72       16         0
                text120                           14634    14634       46         0
                text119                           13CDA    13CDA       92         0
                text118                           1459A    1459A       50         0
                text117                           14DF8    14DF8        2         0
                text116                           14DF6    14DF6        2         0
                text115                           148AC    148AC       34         0
                text114                           14DF4    14DF4        2         0
                text113                           14DF2    14DF2        2         0
                text112                           14DF0    14DF0        2         0
                text111                           14DEE    14DEE        2         0
                text110                           14A88    14A88       26         0
                text109                           12FEA    12FEA      124         0
                text108                           14702    14702       3A         0
                text107                           12E88    12E88      162         0
                text106                           1473C    1473C       38         0
                text105                           14BE2    14BE2       22         0
                text104                           14878    14878       34         0
                text103                           14844    14844       34         0
                text102                           13E7E    13E7E       7C         0
                text101                           14C88    14C88       14         0
                text100                           14DDC    14DDC        6         0
                text99                            14DD6    14DD6        6         0
                text98                            14998    14998       2A         0
                text97                            13828    13828       C0         0
                text96                            14C04    14C04       20         0
                text95                            145EA    145EA       4A         0
                text94                            146BE    146BE       44         0
                text93                            14A3A    14A3A       28         0
                text92                            14272    14272       62         0
                text91                            14548    14548       52         0
                text90                            138E8    138E8       B4         0
                text89                            14C5C    14C5C       16         0
                text88                            13B9E    13B9E       A4         0
                text87                            13DF6    13DF6       88         0
                text86                            12D16    12D16      172         0
                text85                            1413A    1413A       6A         0
                text84                            1399C    1399C       B0         0
                text83                            12448    12448      20A         0
                text82                            14D9A    14D9A        A         0
                text81                            107EC    107EC      586         0
                text80                            1420C    1420C       66         0
                text79                            10000    10000      7EC         0
                text78                            12B88    12B88      18E         0
                text77                            13764    13764       C4         0
                text76                            14DD0    14DD0        6         0
                text75                            11E52    11E52      392         0
                text74                            14C42    14C42       1A         0
                text73                            135C6    135C6       D4         0
                text72                            14BC0    14BC0       22         0
                text71                            14810    14810       34         0
                text70                            14D64    14D64        E         0
                text69                            14D56    14D56        E         0
                text68                            14D48    14D48        E         0
                text67                            14450    14450       54         0
                text66                            14DCA    14DCA        6         0
                text65                            14D90    14D90        A         0
                text64                            1310E    1310E      114         0
                text63                            14D3A    14D3A        E         0
                text62                            14D2C    14D2C        E         0
                text61                            14D1E    14D1E        E         0
                text60                            13F74    13F74       7A         0
                text59                            14D10    14D10        E         0
                text58                            14D02    14D02        E         0
                text57                            14CF4    14CF4        E         0
                text56                            13EFA    13EFA       7A         0
                text55                            14CE6    14CE6        E         0
                text54                            14CD8    14CD8        E         0
                text53                            1467A    1467A       44         0
                text52                            14CCA    14CCA        E         0
                text51                            1496E    1496E       2A         0
                text50                            14CBC    14CBC        E         0
                text49                            14CAE    14CAE        E         0
                text48                            144F6    144F6       52         0
                text47                            14B9E    14B9E       22         0
                text46                            14B7C    14B7C       22         0
                text45                            14B5A    14B5A       22         0
                text44                            13D6C    13D6C       8A         0
                text43                            14B38    14B38       22         0
                text42                            14B16    14B16       22         0
                text41                            14AF4    14AF4       22         0
                text40                            13A4C    13A4C       AE         0
                text39                            148E0    148E0       32         0
                text38                            14DC4    14DC4        6         0
                text37                            14AD2    14AD2       22         0
                text36                            141A4    141A4       68         0
                text35                            14944    14944       2A         0
                text34                            14DAC    14DAC        8         0
                text33                            14C24    14C24       1E         0
                text32                            1369A    1369A       CA         0
                text31                            12652    12652      1C6         0
                text30                            144A4    144A4       52         0
                text29                            14A62    14A62       26         0
                text28                            14A12    14A12       28         0
                text27                            149EA    149EA       28         0
                text26                            140CE    140CE       6C         0
                text25                            12818    12818      1BC         0
                text24                            1165C    1165C      40C         0
                text23                            121E4    121E4      264         0
                text22                            10D72    10D72      4C0         0
                text21                            11232    11232      42A         0
                text20                            13222    13222      106         0
                text19                            129D4    129D4      1B4         0
                text18                            13FEE    13FEE       72         0
                text17                            11A68    11A68      3EA         0
                text16                            14394    14394       60         0
                text15                            143F4    143F4       5C         0
                text14                            14AAE    14AAE       24         0
                text13                            14060    14060       6E         0
                text12                            14334    14334       60         0
                text11                            142D4    142D4       60         0
                text10                            13AFA    13AFA       A4         0
                text9                             14DE6    14DE6        4         0
                text8                             14D86    14D86        A         0
                text7                             14D7C    14D7C        A         0
                text6                             14DE2    14DE2        4         0
                text5                             14D72    14D72        A         0
                text4                             147DC    147DC       34         0
                text3                             147A8    147A8       34         0
                text2                             14774    14774       34         0
                text1                             134F2    134F2       D4         0
                text0                             13328    13328       EA         0
                cinit                             13412    13412       E0         0
                idataBANK7                        149C2    149C2       28         0
                idataBANK6                        14DA4    14DA4        8         0

        CLASS   CONST          

        CLASS   SMALLCONST     

        CLASS   MEDIUMCONST    
                mediumconst                        F9AC     F9AC      654         0

        CLASS   COMRAM         
                cstackCOMRAM                        501      501       57         1
                bssCOMRAM                           558      558        8         1

        CLASS   ABS1           

        CLASS   BIGRAM         

        CLASS   RAM            

        CLASS   BANK5          
                cstackBANK5                         5B1      5B1       46         1
                bssBANK5                            560      560       51         1
                nvBANK5                             5F7      5F7        9         1

        CLASS   BANK6          
                cstackBANK6                         600      600       D0         1
                dataBANK6                           6F6      6F6        8         1
                bssBANK6                            6E5      6E5       11         1
                nvBANK6                             6D0      6D0       15         1

        CLASS   BANK7          
                dataBANK7                           7C2      7C2       28         1
                bssBANK7                            700      700       C2         1
                nvBANK7                             7EA      7EA        3         1

        CLASS   BANK8          
                bssBANK8                            800      800      100         1

        CLASS   BANK9          
                bssBANK9                            900      900       88         1

        CLASS   BANK10         
                bssBANK10                           A00      A00      100         1

        CLASS   BANK11         
                bssBANK11                           B00      B00      100         1

        CLASS   BANK12         
                bssBANK12                           C00      C00      100         1

        CLASS   BANK13         

        CLASS   BANK14         

        CLASS   BANK15         

        CLASS   BANK16         

        CLASS   BANK17         

        CLASS   BANK18         

        CLASS   BANK19         

        CLASS   BANK20         

        CLASS   BANK21         

        CLASS   BANK22         

        CLASS   BANK23         

        CLASS   BANK24         

        CLASS   BANK25         

        CLASS   BANK26         

        CLASS   BANK27         

        CLASS   BANK28         

        CLASS   BANK29         

        CLASS   BANK30         

        CLASS   BANK31         

        CLASS   BANK32         

        CLASS   BANK33         

        CLASS   BANK34         

        CLASS   BANK35         

        CLASS   BANK36         

        CLASS   BANK37         

        CLASS   BANK38         

        CLASS   BANK39         

        CLASS   BANK40         

        CLASS   BANK41         

        CLASS   BANK42         

        CLASS   BANK43         

        CLASS   BANK44         

        CLASS   BANK45         

        CLASS   BANK46         

        CLASS   BANK47         

        CLASS   BANK48         

        CLASS   BANK49         

        CLASS   BANK50         

        CLASS   BANK51         

        CLASS   BANK52         

        CLASS   BANK53         

        CLASS   BANK54         

        CLASS   SFR            

        CLASS   BIGSFR         

        CLASS   CONFIG         
                config                           300000   300000       23         4

        CLASS   IDLOC          

        CLASS   EEDATA         

        CLASS   FARRAM         

        CLASS   HEAP           

        CLASS   STACK          



SEGMENTS        Name                           Load    Length   Top    Selector   Space  Class

                reset_vec                      000000  000004  000004         0       0  CODE    
                ivt0x8                         000008  000016  00001E         4       0  CODE    
                cstackCOMRAM                   000501  00005F  000560       501       1  COMRAM  
                bssBANK5                       000560  0000A0  000600       560       1  BANK5   
                cstackBANK6                    000600  0000FE  0006FE       600       1  BANK6   
                bssBANK7                       000700  0000ED  0007ED       700       1  BANK7   
                bssBANK8                       000800  000100  000900       800       1  BANK8   
                bssBANK9                       000900  000088  000988       900       1  BANK9   
                bssBANK10                      000A00  000100  000B00       A00       1  BANK10  
                bssBANK11                      000B00  000100  000C00       B00       1  BANK11  
                bssBANK12                      000C00  000100  000D00       C00       1  BANK12  
                mediumconst                    00F9AC  000654  010000      7CD6       0  MEDIUMCO
                text79                         010000  004DFE  014DFE      8000       0  CODE    


UNUSED ADDRESS RANGES

        Name                Unused          Largest block    Delta
        BANK13           000D00-000DFF              100
        BANK14           000E00-000EFF              100
        BANK15           000F00-000FFF              100
        BANK16           001000-0010FF              100
        BANK17           001100-0011FF              100
        BANK18           001200-0012FF              100
        BANK19           001300-0013FF              100
        BANK20           001400-0014FF              100
        BANK21           001500-0015FF              100
        BANK22           001600-0016FF              100
        BANK23           001700-0017FF              100
        BANK24           001800-0018FF              100
        BANK25           001900-0019FF              100
        BANK26           001A00-001AFF              100
        BANK27           001B00-001BFF              100
        BANK28           001C00-001CFF              100
        BANK29           001D00-001DFF              100
        BANK30           001E00-001EFF              100
        BANK31           001F00-001FFF              100
        BANK32           002000-0020FF              100
        BANK33           002100-0021FF              100
        BANK34           002200-0022FF              100
        BANK35           002300-0023FF              100
        BANK36           002400-0024FF              100
        BANK37           002500-0025FF              100
        BANK38           002600-0026FF              100
        BANK39           002700-0027FF              100
        BANK40           002800-0028FF              100
        BANK41           002900-0029FF              100
        BANK42           002A00-002AFF              100
        BANK43           002B00-002BFF              100
        BANK44           002C00-002CFF              100
        BANK45           002D00-002DFF              100
        BANK46           002E00-002EFF              100
        BANK47           002F00-002FFF              100
        BANK48           003000-0030FF              100
        BANK49           003100-0031FF              100
        BANK50           003200-0032FF              100
        BANK51           003300-0033FF              100
        BANK52           003400-0034FF              100
        BANK53           003500-0035FF              100
        BANK54           003600-0036FF              100
        BANK6            0006FE-0006FF                2
        BANK7            0007ED-0007FF               13
        BANK9            000988-0009FF               78
        BIGRAM           0006FE-0006FF                2
                         0007ED-0007FF               13
                         000988-0009FF               78
                         000D00-0036FF             2A00
        BIGSFR           000000-0004FF              500
                         003700-003FFF              900
        CODE             000004-000007                4
                         00001E-00F9AB             F98E
                         014DFE-01FFFF             B202
        CONFIG           300023-300023                1
        CONST            000004-000007                4
                         00001E-00F9AB             F98E
                         014DFE-01FFFF             B202
        EEDATA           380000-3803FF              400
        IDLOC            200000-20003F               40
        MEDIUMCONST      003700-00F9AB             C2AC
                         014DFE-01FFFF             B202
        RAM              0006FE-0006FF                2
                         0007ED-0007FF               13
                         000988-0009FF               78
                         000D00-0036FF              100
        SFR              000000-0004FF              100
                         003700-003FFF              100
        SMALLCONST       003700-00F9AB              100
                         014DFE-01FFFF              100

                                  Symbol Table

?_Receive_Byte                                                cstackCOMRAM 000512
?_Receive_Packet                                              cstackCOMRAM 00052C
?_SerialKeyPressed                                            cstackCOMRAM 00050E
?_Str2Int                                                     cstackCOMRAM 000512
?_Ymodem_Receive                                              cstackCOMRAM 00053D
?___awdiv                                                     cstackCOMRAM 000506
?___fladd                                                     cstackCOMRAM 00052D
?___flmul                                                     cstackCOMRAM 000514
?___fltol                                                     cstackCOMRAM 000506
?___lldiv                                                     cstackCOMRAM 000506
?___llmod                                                     cstackCOMRAM 000506
?___lmul                                                      cstackCOMRAM 000506
?___xxtofl                                                    cstackCOMRAM 000506
?_printf                                                      cstackCOMRAM 000529
?_readSignedRegister                                          cstackCOMRAM 00050D
?_readUnsignedRegister                                        cstackCOMRAM 00050D
?_vfprintf                                                    cstackCOMRAM 000521
FLASH_PageErase@address                                       cstackCOMRAM 000506
FLASH_PageErase@globalInterruptBitValue                       cstackCOMRAM 00050C
FLASH_RowWrite@address                                        cstackCOMRAM 000506
FLASH_RowWrite@bufferRamPtr                                   cstackCOMRAM 000511
FLASH_RowWrite@dataBuffer                                     cstackCOMRAM 000509
FLASH_RowWrite@flashDataCount                                 cstackCOMRAM 00050E
FLASH_RowWrite@globalInterruptBitValue                        cstackCOMRAM 000510
GetKey@counter                                                cstackCOMRAM 000516
GetKey@key                                                    cstackCOMRAM 00051A
GetKey@ret                                                    cstackCOMRAM 000512
INT0_SetInterruptHandler@InterruptHandler                     cstackCOMRAM 000506
INT1_SetInterruptHandler@InterruptHandler                     cstackCOMRAM 000506
INT2_SetInterruptHandler@InterruptHandler                     cstackCOMRAM 000506
INTSTAT_ADDR                                                  (abs)        0000D7
IVTBASEH                                                      (abs)        00045E
IVTBASEL                                                      (abs)        00045D
IVTBASEU                                                      (abs)        00045F
Int2Str@Div                                                   cstackCOMRAM 000528
Int2Str@Status                                                cstackCOMRAM 00051C
Int2Str@i                                                     cstackCOMRAM 000520
Int2Str@intnum                                                cstackCOMRAM 000515
Int2Str@j                                                     cstackCOMRAM 000524
Int2Str@str                                                   cstackCOMRAM 000513
Main_Menu@boot_version_lower                                  cstackBANK5  0005B6
Main_Menu@boot_version_upper                                  cstackBANK5  0005BA
Main_Menu@key                                                 cstackBANK5  0005C1
Main_Menu@keyCount                                            cstackBANK5  0005B7
Main_Menu@magic_num                                           cstackBANK5  0005BF
Main_Menu@timeout                                             cstackBANK5  0005BB
Main_Menu@version                                             cstackBANK5  0005B8
Main_Menu@version_lower                                       cstackBANK5  0005B5
Main_Menu@version_upper                                       cstackBANK5  0005B9
PWM1_16BIT_Period_SetInterruptHandler@InterruptHandler        cstackCOMRAM 000506
PWM1_16BIT_SetSlice1Output1DutyCycleRegister@registerValue    cstackCOMRAM 000506
PWM1_16BIT_SetSlice1Output2DutyCycleRegister@registerValue    cstackCOMRAM 000506
PWM1_16BIT_Slice1Output1_SetInterruptHandler@InterruptHandler cstackCOMRAM 000506
PWM1_16BIT_Slice1Output2_SetInterruptHandler@InterruptHandler cstackCOMRAM 000506
PWM4_16BIT_Period_SetInterruptHandler@InterruptHandler        cstackCOMRAM 000506
PWM4_16BIT_SetSlice1Output1DutyCycleRegister@registerValue    cstackCOMRAM 000506
PWM4_16BIT_Slice1Output1_SetInterruptHandler@InterruptHandler cstackCOMRAM 000506
PWM4_16BIT_Slice1Output2_SetInterruptHandler@InterruptHandler cstackCOMRAM 000506
Receive_Byte@c                                                cstackCOMRAM 000512
Receive_Byte@timeout                                          cstackCOMRAM 000514
Receive_Byte@xtimeout                                         cstackCOMRAM 00051C
Receive_Packet@c                                              cstackCOMRAM 00053C
Receive_Packet@data                                           cstackCOMRAM 00052C
Receive_Packet@i                                              cstackCOMRAM 000538
Receive_Packet@length                                         cstackCOMRAM 00052E
Receive_Packet@packet_size                                    cstackCOMRAM 00053A
Receive_Packet@timeout                                        cstackCOMRAM 000530
SPI1_BufferRead@bufferData                                    cstackCOMRAM 000506
SPI1_BufferRead@bufferInput                                   cstackCOMRAM 00050A
SPI1_BufferRead@bufferSize                                    cstackCOMRAM 000508
SPI1_BufferWrite@bufferData                                   cstackCOMRAM 000506
SPI1_BufferWrite@bufferInput                                  cstackCOMRAM 00050A
SPI1_BufferWrite@bufferSize                                   cstackCOMRAM 000508
SPI1_IsTxReady@returnValue                                    cstackCOMRAM 000506
SPI1_Open@spiConfigIndex                                      cstackCOMRAM 000506
SPI1_RxCompleteCallbackRegister@rxCompleteCallbackHandler     cstackCOMRAM 000506
SPI1_TxCompleteCallbackRegister@txCompleteCallbackHandler     cstackCOMRAM 000506
Send_Byte@c                                                   cstackCOMRAM 000511
SerialDownload@F24208                                         dataBANK7    0007C2
SerialDownload@Number                                         cstackCOMRAM 000549
SerialDownload@Size                                           cstackCOMRAM 000553
SerialKeyPressed@key                                          cstackCOMRAM 00050E
SerialPutChar@c                                               cstackCOMRAM 000510
SerialPutChar@uartTxData                                      cstackCOMRAM 00050C
Serial_PutString@s                                            cstackCOMRAM 000511
Str2Int@i                                                     cstackCOMRAM 000526
Str2Int@inputstr                                              cstackCOMRAM 000512
Str2Int@intnum                                                cstackCOMRAM 000514
Str2Int@res                                                   cstackCOMRAM 00051E
Str2Int@val                                                   cstackCOMRAM 000522
TMR0_OverflowCallbackRegister@CallbackHandler                 cstackCOMRAM 000506
TMR1_GateCallbackRegister@CallbackHandler                     cstackCOMRAM 000506
TMR1_OverflowCallbackRegister@CallbackHandler                 cstackCOMRAM 000506
TMR1_Write@timerVal                                           cstackCOMRAM 000506
UART2_FramingErrorCallbackRegister@callbackHandler            cstackCOMRAM 000506
UART2_OverrunErrorCallbackRegister@callbackHandler            cstackCOMRAM 000506
UART2_ParityErrorCallbackRegister@callbackHandler             cstackCOMRAM 000506
UART2_Write@txData                                            cstackCOMRAM 000506
UART3_FramingErrorCallbackRegister@callbackHandler            cstackCOMRAM 000506
UART3_OverrunErrorCallbackRegister@callbackHandler            cstackCOMRAM 000506
UART3_ParityErrorCallbackRegister@callbackHandler             cstackCOMRAM 000506
UART3_Read@readValue                                          cstackCOMRAM 000507
UART3_Read@tempRxTail                                         cstackCOMRAM 000506
UART3_ReceiveISR@regValue                                     cstackCOMRAM 000502
UART3_ReceiveISR@tempRxHead                                   cstackCOMRAM 000503
UART3_RxCompleteCallbackRegister@callbackHandler              cstackCOMRAM 000506
UART3_TransmitISR@tempTxTail                                  cstackCOMRAM 000501
UART3_Write@tempTxHead                                        cstackCOMRAM 000506
UART3_Write@txData                                            cstackCOMRAM 000507
Ymodem_Receive@errors                                         cstackBANK6  0006AD
Ymodem_Receive@file_done                                      cstackBANK6  0006A9
Ymodem_Receive@file_ptr                                       cstackBANK6  0006C2
Ymodem_Receive@file_size                                      cstackBANK6  000695
Ymodem_Receive@i                                              cstackBANK6  0006CC
Ymodem_Receive@j                                              cstackBANK6  0006B8
Ymodem_Receive@packet_data                                    cstackBANK6  000600
Ymodem_Receive@packet_length                                  cstackBANK6  0006C4
Ymodem_Receive@packets_received                               cstackBANK6  0006BC
Ymodem_Receive@rc                                             cstackBANK6  0006C0
Ymodem_Receive@session_begin                                  cstackBANK6  0006B2
Ymodem_Receive@session_done                                   cstackBANK6  0006A5
Ymodem_Receive@size                                           cstackBANK6  0006C8
Ymodem_Receive@timeout_cnt                                    cstackBANK6  0006B1
Ymodem_Receive@u                                              cstackBANK6  0006B6
_ACTCON                                                       (abs)        0000AC
_ANSELA                                                       (abs)        000400
_ANSELB                                                       (abs)        000408
_ANSELC                                                       (abs)        000410
_ANSELD                                                       (abs)        000418
_ANSELE                                                       (abs)        000420
_ANSELF                                                       (abs)        000428
_CLOCK_Initialize                                             text72       014BC0
_CPU_Initialize                                               text71       014810
_DMA1PR                                                       (abs)        0000B6
_DMA2PR                                                       (abs)        0000B7
_DMA3PR                                                       (abs)        0000B8
_DMA4PR                                                       (abs)        0000B9
_DMA5PR                                                       (abs)        0000BA
_DMA6PR                                                       (abs)        0000BB
_FLASH_PageErase                                              text91       014548
_FLASH_RowWrite                                               text90       0138E8
_FSCMCON                                                      (abs)        000458
_FlashDestination                                             dataBANK6    0006F6
_GetKey                                                       text97       013828
_INLVLA                                                       (abs)        000404
_INLVLB                                                       (abs)        00040C
_INLVLC                                                       (abs)        000414
_INLVLD                                                       (abs)        00041C
_INLVLE                                                       (abs)        000424
_INLVLF                                                       (abs)        00042C
_INT0_DefaultInterruptHandler                                 (abs)        000000
_INT0_InterruptHandler                                        bssBANK5     000581
_INT0_SetInterruptHandler                                     text70       014D64
_INT1_DefaultInterruptHandler                                 (abs)        000000
_INT1_InterruptHandler                                        bssBANK5     00057E
_INT1_SetInterruptHandler                                     text69       014D56
_INT2PPS                                                      (abs)        000240
_INT2_Button_Callback                                         text128      014DBC
_INT2_CallBack                                                text127      014912
_INT2_DefaultInterruptHandler                                 text129      014DFC
_INT2_ISR                                                     text126      014DB4
_INT2_InterruptHandler                                        bssBANK5     00057B
_INT2_SetInterruptHandler                                     text68       014D48
_INTCON0bits                                                  (abs)        0004D6
_INTERRUPT_Initialize                                         text67       014450
_INTERRUPT_InterruptManagerHigh                               text107      012E88
_IOCAF                                                        (abs)        000407
_IOCAN                                                        (abs)        000406
_IOCAP                                                        (abs)        000405
_IOCBF                                                        (abs)        00040F
_IOCBN                                                        (abs)        00040E
_IOCBP                                                        (abs)        00040D
_IOCCF                                                        (abs)        000417
_IOCCN                                                        (abs)        000416
_IOCCP                                                        (abs)        000415
_IOCEF                                                        (abs)        000427
_IOCEN                                                        (abs)        000426
_IOCEP                                                        (abs)        000425
_IPR10bits                                                    (abs)        00036C
_IPR15bits                                                    (abs)        000371
_IPR3bits                                                     (abs)        000365
_IPR9bits                                                     (abs)        00036B
_ISRPR                                                        (abs)        0000BF
_Int2Str                                                      text86       012D16
_LATA                                                         (abs)        0004BE
_LATB                                                         (abs)        0004BF
_LATC                                                         (abs)        0004C0
_LATD                                                         (abs)        0004C1
_LATDbits                                                     (abs)        0004C1
_LATE                                                         (abs)        0004C2
_LATF                                                         (abs)        0004C3
_LATFbits                                                     (abs)        0004C3
_MAINPR                                                       (abs)        0000BE
_Main_Menu                                                    text75       011E52
_NVMADRH                                                      (abs)        000044
_NVMADRL                                                      (abs)        000043
_NVMADRU                                                      (abs)        000045
_NVMCON0bits                                                  (abs)        000040
_NVMCON1bits                                                  (abs)        000041
_NVMDATH                                                      (abs)        000047
_NVMDATL                                                      (abs)        000046
_NVMLOCK                                                      (abs)        000042
_NVM_Callback                                                 bssBANK5     00058A
_NVM_ISR                                                      text125      014DEA
_NVM_Initialize                                               text65       014D90
_NVM_IsBusy                                                   text89       014C5C
_NVM_StatusClear                                              text66       014DCA
_NVM_StatusGet                                                text74       014C42
_ODCONA                                                       (abs)        000402
_ODCONB                                                       (abs)        00040A
_ODCONC                                                       (abs)        000412
_ODCOND                                                       (abs)        00041A
_ODCONE                                                       (abs)        000422
_ODCONF                                                       (abs)        00042A
_OSCCON1                                                      (abs)        0000AD
_OSCCON3                                                      (abs)        0000AF
_OSCEN                                                        (abs)        0000B3
_OSCFRQ                                                       (abs)        0000B1
_OSCTUNE                                                      (abs)        0000B0
_PIE10bits                                                    (abs)        0004A8
_PIE15bits                                                    (abs)        0004AD
_PIE3bits                                                     (abs)        0004A1
_PIE4bits                                                     (abs)        0004A2
_PIE9bits                                                     (abs)        0004A7
_PIN_MANAGER_Initialize                                       text64       01310E
_PIR10bits                                                    (abs)        0004B8
_PIR15bits                                                    (abs)        0004BD
_PIR1bits                                                     (abs)        0004AF
_PIR3bits                                                     (abs)        0004B1
_PIR4bits                                                     (abs)        0004B2
_PIR6bits                                                     (abs)        0004B4
_PIR9bits                                                     (abs)        0004B7
_PORTBbits                                                    (abs)        0004CF
_PORTDbits                                                    (abs)        0004D1
_PORTFbits                                                    (abs)        0004D3
_PRLOCK                                                       (abs)        0000B4
_PRODH                                                        (abs)        0004F4
_PRODL                                                        (abs)        0004F3
_PWM1CLK                                                      (abs)        000461
_PWM1CON                                                      (abs)        000469
_PWM1CONbits                                                  (abs)        000469
_PWM1CPRE                                                     (abs)        000465
_PWM1ERS                                                      (abs)        000460
_PWM1GIE                                                      (abs)        000468
_PWM1GIEbits                                                  (abs)        000468
_PWM1GIR                                                      (abs)        000467
_PWM1GIRbits                                                  (abs)        000467
_PWM1LDS                                                      (abs)        000462
_PWM1PIPOS                                                    (abs)        000466
_PWM1PRH                                                      (abs)        000464
_PWM1PRL                                                      (abs)        000463
_PWM1S1CFG                                                    (abs)        00046A
_PWM1S1P1H                                                    (abs)        00046C
_PWM1S1P1L                                                    (abs)        00046B
_PWM1S1P2H                                                    (abs)        00046E
_PWM1S1P2L                                                    (abs)        00046D
_PWM1_16BIT_Initialize                                        text60       013F74
_PWM1_16BIT_LoadBufferRegisters                               text9        014DE6
_PWM1_16BIT_Period_DefaultInterruptHandler                    (abs)        000000
_PWM1_16BIT_Period_InterruptHandler                           nvBANK5      0005F7
_PWM1_16BIT_Period_SetInterruptHandler                        text63       014D3A
_PWM1_16BIT_SetSlice1Output1DutyCycleRegister                 text8        014D86
_PWM1_16BIT_SetSlice1Output2DutyCycleRegister                 text7        014D7C
_PWM1_16BIT_Slice1Output1_DefaultInterruptHandler             (abs)        000000
_PWM1_16BIT_Slice1Output1_InterruptHandler                    nvBANK5      0005FD
_PWM1_16BIT_Slice1Output1_SetInterruptHandler                 text62       014D2C
_PWM1_16BIT_Slice1Output2_DefaultInterruptHandler             (abs)        000000
_PWM1_16BIT_Slice1Output2_InterruptHandler                    nvBANK5      0005FA
_PWM1_16BIT_Slice1Output2_SetInterruptHandler                 text61       014D1E
_PWM4CLK                                                      (abs)        00048E
_PWM4CON                                                      (abs)        000496
_PWM4CONbits                                                  (abs)        000496
_PWM4CPRE                                                     (abs)        000492
_PWM4ERS                                                      (abs)        00048D
_PWM4GIE                                                      (abs)        000495
_PWM4GIEbits                                                  (abs)        000495
_PWM4GIR                                                      (abs)        000494
_PWM4GIRbits                                                  (abs)        000494
_PWM4LDS                                                      (abs)        00048F
_PWM4PIPOS                                                    (abs)        000493
_PWM4PRH                                                      (abs)        000491
_PWM4PRL                                                      (abs)        000490
_PWM4S1CFG                                                    (abs)        000497
_PWM4S1P1H                                                    (abs)        000499
_PWM4S1P1L                                                    (abs)        000498
_PWM4S1P2H                                                    (abs)        00049B
_PWM4S1P2L                                                    (abs)        00049A
_PWM4_16BIT_Initialize                                        text56       013EFA
_PWM4_16BIT_LoadBufferRegisters                               text6        014DE2
_PWM4_16BIT_Period_DefaultInterruptHandler                    (abs)        000000
_PWM4_16BIT_Period_InterruptHandler                           nvBANK6      0006DC
_PWM4_16BIT_Period_SetInterruptHandler                        text59       014D10
_PWM4_16BIT_SetSlice1Output1DutyCycleRegister                 text5        014D72
_PWM4_16BIT_Slice1Output1_DefaultInterruptHandler             (abs)        000000
_PWM4_16BIT_Slice1Output1_InterruptHandler                    nvBANK6      0006E2
_PWM4_16BIT_Slice1Output1_SetInterruptHandler                 text58       014D02
_PWM4_16BIT_Slice1Output2_DefaultInterruptHandler             (abs)        000000
_PWM4_16BIT_Slice1Output2_InterruptHandler                    nvBANK6      0006DF
_PWM4_16BIT_Slice1Output2_SetInterruptHandler                 text57       014CF4
_RA1PPS                                                       (abs)        000202
_RA2PPS                                                       (abs)        000203
_RB1I2C                                                       (abs)        000289
_RB2I2C                                                       (abs)        000288
_RB4PPS                                                       (abs)        00020D
_RC2PPS                                                       (abs)        000213
_RC3I2C                                                       (abs)        000287
_RC4I2C                                                       (abs)        000286
_RC4PPS                                                       (abs)        000215
_RC5PPS                                                       (abs)        000216
_RF2PPS                                                       (abs)        00022B
_RF3PPS                                                       (abs)        00022C
_RX_Count                                                     bssBANK5     00059A
_RamSource                                                    bssBANK6     0006E5
_Receive_Byte                                                 text84       01399C
_Receive_Packet                                               text83       012448
_SCANPR                                                       (abs)        0000B5
_SLRCONA                                                      (abs)        000403
_SLRCONB                                                      (abs)        00040B
_SLRCONC                                                      (abs)        000413
_SLRCOND                                                      (abs)        00041B
_SLRCONE                                                      (abs)        000423
_SLRCONF                                                      (abs)        00042B
_SPI1BAUD                                                     (abs)        000089
_SPI1CLK                                                      (abs)        00008C
_SPI1CON0                                                     (abs)        000084
_SPI1CON0bits                                                 (abs)        000084
_SPI1CON1                                                     (abs)        000085
_SPI1CON2                                                     (abs)        000086
_SPI1RXB                                                      (abs)        000080
_SPI1SCKPPS                                                   (abs)        00026A
_SPI1SDIPPS                                                   (abs)        00026B
_SPI1STATUSbits                                               (abs)        000087
_SPI1TCNTH                                                    (abs)        000083
_SPI1TCNTL                                                    (abs)        000082
_SPI1TXB                                                      (abs)        000081
_SPI1_BufferExchange                                          (abs)        000000
_SPI1_BufferRead                                              text16       014394
_SPI1_BufferWrite                                             text15       0143F4
_SPI1_ByteExchange                                            (abs)        000000
_SPI1_ByteRead                                                (abs)        000000
_SPI1_ByteWrite                                               (abs)        000000
_SPI1_Close                                                   (abs)        000000
_SPI1_Deinitialize                                            (abs)        000000
_SPI1_Host                                                    mediumconst  00FA3D
_SPI1_ISR                                                     text124      014DFA
_SPI1_Initialize                                              text53       01467A
_SPI1_IsRxReady                                               (abs)        000000
_SPI1_IsTxReady                                               text14       014AAE
_SPI1_Open                                                    text73       0135C6
_SPI1_Receive_ISR                                             text122      013C42
_SPI1_RxCompleteCallback                                      nvBANK6      0006D9
_SPI1_RxCompleteCallbackRegister                              text55       014CE6
_SPI1_Transmit_ISR                                            text119      013CDA
_SPI1_TxCompleteCallback                                      nvBANK6      0006D6
_SPI1_TxCompleteCallbackRegister                              text54       014CD8
_SPIRxEventHandler                                            text123      014C9C
_SPITxEventHandler                                            text120      014634
_SPIWriteMessage                                              bssBANK5     00059D
_SYSTEM_Initialize                                            text39       0148E0
_Send_Byte                                                    text82       014D9A
_SerialDownload                                               text78       012B88
_SerialKeyPressed                                             text102      013E7E
_SerialPutChar                                                text93       014A3A
_Serial_PutString                                             text92       014272
_Str2Int                                                      text81       0107EC
_Str2Int$3691                                                 cstackCOMRAM 00051A
_Str2Int$3692                                                 cstackCOMRAM 00051C
_T0CON0                                                       (abs)        00031A
_T0CON0bits                                                   (abs)        00031A
_T0CON1                                                       (abs)        00031B
_T1CKIPPS                                                     (abs)        000242
_T1CLK                                                        (abs)        000321
_T1CON                                                        (abs)        00031E
_T1CONbits                                                    (abs)        00031E
_T1GATE                                                       (abs)        000320
_T1GCON                                                       (abs)        00031F
_T1GCONbits                                                   (abs)        00031F
_TABLAT                                                       (abs)        0004F5
_TBLPTRH                                                      (abs)        0004F7
_TBLPTRL                                                      (abs)        0004F6
_TBLPTRU                                                      (abs)        0004F8
_TMR0H                                                        (abs)        000319
_TMR0L                                                        (abs)        000318
_TMR0_DefaultOverflowCallback                                 text117      014DF8
_TMR0_Initialize                                              text51       01496E
_TMR0_OverflowCallback                                        nvBANK6      0006D3
_TMR0_OverflowCallbackRegister                                text52       014CCA
_TMR0_OverflowISR                                             text115      0148AC
_TMR0_Reload                                                  (abs)        000000
_TMR0_Start                                                   text38       014DC4
_TMR0_Stop                                                    (abs)        000000
_TMR1H                                                        (abs)        00031D
_TMR1L                                                        (abs)        00031C
_TMR1_DefaultGateCallback                                     (abs)        000000
_TMR1_DefaultOverflowCallback                                 text116      014DF6
_TMR1_GateCallback                                            nvBANK6      0006D0
_TMR1_GateCallbackRegister                                    text50       014CBC
_TMR1_HasOverflowOccured                                      text101      014C88
_TMR1_Initialize                                              text48       0144F6
_TMR1_InterruptHandler                                        bssBANK6     0006F3
_TMR1_OverflowCallback                                        nvBANK7      0007EA
_TMR1_OverflowCallbackRegister                                text49       014CAE
_TMR1_Start                                                   text100      014DDC
_TMR1_Stop                                                    text99       014DD6
_TMR1_Tasks                                                   (abs)        000000
_TMR1_Write                                                   text98       014998
_TRISA                                                        (abs)        0004C6
_TRISB                                                        (abs)        0004C7
_TRISC                                                        (abs)        0004C8
_TRISCbits                                                    (abs)        0004C8
_TRISD                                                        (abs)        0004C9
_TRISE                                                        (abs)        0004CA
_TRISF                                                        (abs)        0004CB
_Timer0                                                       mediumconst  00FA79
_Timer0OverflowHandler                                        text118      01459A
_Timer1                                                       mediumconst  00FA67
_U2BRGH                                                       (abs)        0002C2
_U2BRGL                                                       (abs)        0002C1
_U2CON0                                                       (abs)        0002BE
_U2CON0bits                                                   (abs)        0002BE
_U2CON1                                                       (abs)        0002BF
_U2CON1bits                                                   (abs)        0002BF
_U2CON2                                                       (abs)        0002C0
_U2ERRIE                                                      (abs)        0002C6
_U2ERRIR                                                      (abs)        0002C5
_U2ERRIRbits                                                  (abs)        0002C5
_U2FIFO                                                       (abs)        0002C3
_U2FIFObits                                                   (abs)        0002C3
_U2P1H                                                        (abs)        0002B9
_U2P1L                                                        (abs)        0002B8
_U2P2H                                                        (abs)        0002BB
_U2P2L                                                        (abs)        0002BA
_U2P3H                                                        (abs)        0002BD
_U2P3L                                                        (abs)        0002BC
_U2RXB                                                        (abs)        0002B4
_U2RXCHK                                                      (abs)        0002B5
_U2RXPPS                                                      (abs)        000274
_U2TXB                                                        (abs)        0002B6
_U2TXCHK                                                      (abs)        0002B7
_U2UIR                                                        (abs)        0002C4
_U2UIRbits                                                    (abs)        0002C4
_U3BRGH                                                       (abs)        0002D5
_U3BRGL                                                       (abs)        0002D4
_U3CON0                                                       (abs)        0002D1
_U3CON0bits                                                   (abs)        0002D1
_U3CON1                                                       (abs)        0002D2
_U3CON1bits                                                   (abs)        0002D2
_U3CON2                                                       (abs)        0002D3
_U3ERRIE                                                      (abs)        0002D9
_U3ERRIR                                                      (abs)        0002D8
_U3ERRIRbits                                                  (abs)        0002D8
_U3FIFO                                                       (abs)        0002D6
_U3P1L                                                        (abs)        0002CB
_U3P2L                                                        (abs)        0002CD
_U3P3L                                                        (abs)        0002CF
_U3RXB                                                        (abs)        0002C7
_U3RXPPS                                                      (abs)        000276
_U3TXB                                                        (abs)        0002C9
_U3UIR                                                        (abs)        0002D7
_U3UIRbits                                                    (abs)        0002D7
_UART2                                                        mediumconst  00F9AD
_UART2_AutoBaudQuery                                          (abs)        000000
_UART2_AutoBaudSet                                            (abs)        000000
_UART2_DefaultFramingErrorCallback                            text113      014DF2
_UART2_DefaultOverrunErrorCallback                            text111      014DEE
_UART2_DefaultParityErrorCallback                             (abs)        000000
_UART2_Deinitialize                                           (abs)        000000
_UART2_ErrorGet                                               (abs)        000000
_UART2_FramingErrorCallbackRegister                           text47       014B9E
_UART2_FramingErrorHandler                                    bssBANK5     00056C
_UART2_Initialize                                             text44       013D6C
_UART2_IsRxReady                                              (abs)        000000
_UART2_IsTxDone                                               (abs)        000000
_UART2_IsTxReady                                              text35       014944
_UART2_IsTxReady$3178                                         cstackCOMRAM 000506
_UART2_OverrunErrorCallbackRegister                           text46       014B7C
_UART2_OverrunErrorHandler                                    bssBANK5     000569
_UART2_ParityErrorCallbackRegister                            text45       014B5A
_UART2_ParityErrorHandler                                     bssBANK6     0006ED
_UART2_Read                                                   (abs)        000000
_UART2_TransmitDisable                                        (abs)        000000
_UART2_TransmitEnable                                         (abs)        000000
_UART2_Write                                                  text34       014DAC
_UART3                                                        mediumconst  00F9F5
_UART3_AutoBaudQuery                                          (abs)        000000
_UART3_AutoBaudSet                                            (abs)        000000
_UART3_DefaultFramingErrorCallback                            text114      014DF4
_UART3_DefaultOverrunErrorCallback                            text112      014DF0
_UART3_DefaultParityErrorCallback                             (abs)        000000
_UART3_Deinitialize                                           (abs)        000000
_UART3_ErrorGet                                               (abs)        000000
_UART3_FramingErrorCallbackRegister                           text43       014B38
_UART3_FramingErrorHandler                                    bssBANK5     000578
_UART3_Initialize                                             text40       013A4C
_UART3_IsRxReady                                              (abs)        000000
_UART3_IsTxDone                                               (abs)        000000
_UART3_IsTxReady                                              text96       014C04
_UART3_IsTxReady$intlevel0                                    text96       014C0E
_UART3_OverrunErrorCallbackRegister                           text42       014B16
_UART3_OverrunErrorHandler                                    bssBANK5     000575
[...]
_uart2RxLastError                                             bssBANK5     000593
_uart3RxBuffer                                                bssBANK11    000B80
_uart3RxCount                                                 bssCOMRAM    00055D
_uart3RxHead                                                  bssCOMRAM    00055A
_uart3RxLastError                                             bssBANK5     000595
_uart3RxStatusBuffer                                          bssBANK10    000A00
_uart3RxTail                                                  bssCOMRAM    000559
_uart3TxBuffer                                                bssBANK9     000900
_uart3TxBufferRemaining                                       bssCOMRAM    00055B
_uart3TxHead                                                  bssCOMRAM    00055C
_uart3TxTail                                                  bssBANK5     0005A6
_uartRxBuffer                                                 bssBANK8     000840
_uartRxBufferHead                                             bssCOMRAM    000558
_uartTxBuffer                                                 bssBANK8     0008C0
_unlockKeyHigh                                                bssCOMRAM    00055E
_unlockKeyLow                                                 bssCOMRAM    00055F
_updateMeasurements                                           text10       013AFA
_updateRelayRGB                                               text1        0134F2
_validMsg                                                     bssBANK5     0005A5
_vfpfcnvrt                                                    text31       012652
_vfprintf                                                     text30       0144A4
_width                                                        bssBANK5     00058D
_writeStatus                                                  bssBANK5     00059B
_writeUARTBuffer                                              text94       0146BE
calculate_crc8@crc                                            cstackCOMRAM 00050B
calculate_crc8@data                                           cstackCOMRAM 000506
calculate_crc8@i                                              cstackCOMRAM 00050A
calculate_crc8@j                                              cstackCOMRAM 000509
calculate_crc8@sz                                             cstackCOMRAM 000508
delay_1s@counter                                              cstackCOMRAM 000508
end_of_initialization                                         cinit        0134EC
fputc@c                                                       cstackCOMRAM 000508
fputc@fp                                                      cstackCOMRAM 00050A
i2_UART3_IsTxReady                                            text121      014C72
iap_load_app@appxaddr                                         cstackCOMRAM 000506
intlevel0                                                     text         000000
intlevel1                                                     text         000000
intlevel2                                                     text         000000
intlevel3                                                     text         000000
isa$std                                                       (abs)        000001
isa$xinst                                                     (abs)        000000
ivt0x8_base                                                   ivt0x8       000008
memset@c                                                      cstackCOMRAM 000508
memset@dest                                                   cstackCOMRAM 000506
memset@n                                                      cstackCOMRAM 00050A
memset@p                                                      cstackCOMRAM 00050C
printf@ap                                                     cstackCOMRAM 00052D
printf@fmt                                                    cstackCOMRAM 000529
processSLIP@F24329                                            dataBANK6    0006FA
processSLIP@RdBuffer                                          cstackCOMRAM 00052F
processSLIP@buttonOFF                                         cstackBANK5  0005B5
processSLIP@buttonON                                          cstackBANK5  0005B1
processSLIP@cmd_type                                          cstackBANK5  0005F2
processSLIP@crc_in                                            cstackBANK5  0005F1
processSLIP@dummy_block_read                                  cstackBANK5  0005B9
processSLIP@dummy_voltageAB                                   cstackBANK5  0005E9
processSLIP@dummy_voltagefrequency                            cstackBANK5  0005D9
processSLIP@msgSize                                           cstackCOMRAM 000531
processSLIP@reg_address1                                      cstackBANK5  0005F5
processSLIP@relay_cmd1                                        cstackBANK5  0005F3
processSLIP@relay_cmd2                                        cstackBANK5  0005F4
putch@txData                                                  cstackCOMRAM 000507
readRegister@address                                          cstackCOMRAM 00050C
readSLIP@byteIndex                                            cstackCOMRAM 00054E
readSLIP@decodedMsg                                           cstackCOMRAM 000539
readSLIP@decodedMsgIndex                                      cstackCOMRAM 00054D
readSLIP@msgSize                                              cstackCOMRAM 00054B
readSLIP@startByteFound                                       cstackCOMRAM 00054C
readSLIP@uartMsgCount                                         cstackCOMRAM 00054A
readSLIP@validMsg                                             cstackCOMRAM 000549
readSignedRegister@address                                    cstackCOMRAM 00051C
readUARTbuffer@RdBuffer                                       cstackCOMRAM 000508
readUARTbuffer@nBytesRead                                     cstackCOMRAM 00050B
readUnsignedRegister@address                                  cstackCOMRAM 00051C
scaleMeasurements@currentScale                                cstackCOMRAM 000545
scaleMeasurements@powerScale                                  cstackCOMRAM 00054D
scaleMeasurements@tempMeasurement                             cstackCOMRAM 000551
scaleMeasurements@tempScale                                   cstackCOMRAM 000549
scaleMeasurements@voltageScale                                cstackCOMRAM 000541
send_ack@F24309                                               dataBANK7    0007D1
send_ack@cmd_res_ack                                          cstackCOMRAM 00050C
send_nack@F24312                                              dataBANK7    0007CC
send_nack@cmd_res_nack                                        cstackCOMRAM 00050C
slipPacketSend@crc_out                                        cstackCOMRAM 000511
slipPacketSend@data                                           cstackCOMRAM 00050C
slipPacketSend@dataSize                                       cstackCOMRAM 00050E
slipPacketSend@inputIndex                                     cstackCOMRAM 000510
slipPacketSend@outputIndex                                    cstackCOMRAM 000512
stackhi                                                       (abs)        000000
stacklo                                                       (abs)        000000
start                                                         init         00001A
start_initialization                                          cinit        013412
vfpfcnvrt@ap                                                  cstackCOMRAM 000515
vfpfcnvrt@c                                                   cstackCOMRAM 000520
vfpfcnvrt@convarg                                             cstackCOMRAM 000519
vfpfcnvrt@cp                                                  cstackCOMRAM 00051E
vfpfcnvrt@fmt                                                 cstackCOMRAM 000513
vfpfcnvrt@fp                                                  cstackCOMRAM 000511
vfpfcnvrt@x                                                   cstackCOMRAM 00051D
vfprintf@ap                                                   cstackCOMRAM 000525
vfprintf@cfmt                                                 cstackCOMRAM 000527
vfprintf@fmt                                                  cstackCOMRAM 000523
vfprintf@fp                                                   cstackCOMRAM 000521
writeUARTBuffer@nBytesWritten                                 cstackCOMRAM 00050B
writeUARTBuffer@size                                          cstackCOMRAM 00050A
writeUARTBuffer@writeBuffer                                   cstackCOMRAM 000508


MODULE INFORMATION

Module		Function		Class		Link	Load	Size
C:\Program Files\Microchip\xc8\v2.46\pic\sources\c99\common\fltol.c
		___fltol       		CODE           	13222	0000	262

C:\Program Files\Microchip\xc8\v2.46\pic\sources\c99\common\fltol.c estimated size: 262

C:\Program Files\Microchip\xc8\v2.46\pic\sources\c99\common\printf.c
		_printf        		CODE           	14A62	0000	38

C:\Program Files\Microchip\xc8\v2.46\pic\sources\c99\common\printf.c estimated size: 38

C:\Program Files\Microchip\xc8\v2.46\pic\sources\c99\common\nf_fputc.c
		_fputc         		CODE           	1369A	0000	202

C:\Program Files\Microchip\xc8\v2.46\pic\sources\c99\common\nf_fputc.c estimated size: 202

boot.c
		_iap_load_app  		CODE           	14DD0	0000	6

boot.c estimated size: 6

C:\Program Files\Microchip\xc8\v2.46\pic\sources\c99\common\awdiv.c
		___awdiv       		CODE           	13764	0000	196

C:\Program Files\Microchip\xc8\v2.46\pic\sources\c99\common\awdiv.c estimated size: 196

C:\Program Files\Microchip\xc8\v2.46\pic\sources\c99\common\xxtofl.c
		___xxtofl      		CODE           	129D4	0000	436

C:\Program Files\Microchip\xc8\v2.46\pic\sources\c99\common\xxtofl.c estimated size: 436

mcc_generated_files/timer/src/tmr1.c
		_TMR1_Initialize		CODE           	144F6	0000	82
		_TMR1_Stop     		CODE           	14DD6	0000	6
		_TMR1_Write    		CODE           	14998	0000	42
		_TMR1_Start    		CODE           	14DDC	0000	6
		_TMR1_OverflowCallbackRegister		CODE           	14CAE	0000	14
		_TMR1_DefaultOverflowCallback		CODE           	14DF6	0000	2
		_TMR1_GateCallbackRegister		CODE           	14CBC	0000	14
		_TMR1_HasOverflowOccured		CODE           	14C88	0000	20

mcc_generated_files/timer/src/tmr1.c estimated size: 186

mcc_generated_files/system/src/interrupt.c
		_INT0_SetInterruptHandler		CODE           	14D64	0000	14
		_INT1_SetInterruptHandler		CODE           	14D56	0000	14
		_INT2_SetInterruptHandler		CODE           	14D48	0000	14
		_INTERRUPT_Initialize		CODE           	14450	0000	84
		_INT2_DefaultInterruptHandler		CODE           	14DFC	0000	2
		_INT2_CallBack 		CODE           	14912	0000	50
		_INTERRUPT_InterruptManagerHigh		CODE           	12E88	0000	354
		_INT2_ISR      		CODE           	14DB4	0000	8

mcc_generated_files/system/src/interrupt.c estimated size: 540

mcc_generated_files/pwm/src/pwm1_16bit.c
		_PWM1_16BIT_Period_SetInterruptHandler		CODE           	14D3A	0000	14
		_PWM1_16BIT_Slice1Output1_SetInterruptHandler		CODE           	14D2C	0000	14
		_PWM1_16BIT_Slice1Output2_SetInterruptHandler		CODE           	14D1E	0000	14
		_PWM1_16BIT_Initialize		CODE           	13F74	0000	122
		_PWM1_16BIT_LoadBufferRegisters		CODE           	14DE6	0000	4
		_PWM1_16BIT_SetSlice1Output1DutyCycleRegister		CODE           	14D86	0000	10
		_PWM1_16BIT_SetSlice1Output2DutyCycleRegister		CODE           	14D7C	0000	10

mcc_generated_files/pwm/src/pwm1_16bit.c estimated size: 188

C:\Program Files\Microchip\xc8\v2.46\pic\sources\c99\common\sprcmul.c
		___flmul       		CODE           	11232	0000	1066

C:\Program Files\Microchip\xc8\v2.46\pic\sources\c99\common\sprcmul.c estimated size: 1066

C:\Program Files\Microchip\xc8\v2.46\pic\sources\c99\common\memset.c
		_memset        		CODE           	1473C	0000	56

C:\Program Files\Microchip\xc8\v2.46\pic\sources\c99\common\memset.c estimated size: 56

mcc_generated_files/uart/src/uart3.c
		_UART3_Read    		CODE           	14878	0000	52
		_UART3_DefaultFramingErrorCallback		CODE           	14DF4	0000	2
		_UART3_TransmitISR		CODE           	14702	0000	58
		_UART3_ParityErrorCallbackRegister		CODE           	14AF4	0000	34
		_UART3_DefaultOverrunErrorCallback		CODE           	14DF0	0000	2
		_UART3_RxCompleteCallbackRegister		CODE           	14AD2	0000	34
		_UART3_IsTxReady		CODE           	14C04	0000	32
		_UART3_Write   		CODE           	145EA	0000	74
		_UART3_FramingErrorCallbackRegister		CODE           	14B38	0000	34
		_UART3_OverrunErrorCallbackRegister		CODE           	14B16	0000	34
		_UART3_ReceiveISR		CODE           	12FEA	0000	292
		_UART3_Initialize		CODE           	13A4C	0000	174

mcc_generated_files/uart/src/uart3.c estimated size: 822

ymodem.c
		_Ymodem_Receive		CODE           	10000	0000	2028
		_Receive_Byte  		CODE           	1399C	0000	176
		_Receive_Packet		CODE           	12448	0000	522
		_Send_Byte     		CODE           	14D9A	0000	10

ymodem.c estimated size: 2736

C:\Program Files\Microchip\xc8\v2.46\pic\sources\c99\common\doprnt.c
		_vfpfcnvrt     		CODE           	12652	0000	454
		_vfprintf      		CODE           	144A4	0000	82

C:\Program Files\Microchip\xc8\v2.46\pic\sources\c99\common\doprnt.c estimated size: 536

mcc_generated_files/nvm/src/nvm.c
		_FLASH_PageErase		CODE           	14548	0000	82
		_FLASH_RowWrite		CODE           	138E8	0000	180
		_NVM_Initialize		CODE           	14D90	0000	10
		_NVM_StatusGet 		CODE           	14C42	0000	26
		_NVM_StatusClear		CODE           	14DCA	0000	6
		_NVM_ISR       		CODE           	14DEA	0000	4
		_NVM_IsBusy    		CODE           	14C5C	0000	22

mcc_generated_files/nvm/src/nvm.c estimated size: 330

mcc_generated_files/system/src/pins.c
		_PIN_MANAGER_Initialize		CODE           	1310E	0000	276

mcc_generated_files/system/src/pins.c estimated size: 276

shared
		_Timer1        		MEDIUMCONST    	FA67	0000	18
		i2_UART3_IsTxReady		CODE           	14C72	0000	22
		__initialization		CODE           	13412	0000	218
		_SPI1_Host     		MEDIUMCONST    	FA3D	0000	42
		_Timer0        		MEDIUMCONST    	FA79	0000	18
		_UART2         		MEDIUMCONST    	F9AD	0000	72
		_UART3         		MEDIUMCONST    	F9F5	0000	72
		_spi1_configuration		MEDIUMCONST    	FA8B	0000	10

shared estimated size: 472

C:\Program Files\Microchip\xc8\v2.46\pic\sources\c99\common\__lldiv.c
		___lldiv       		CODE           	13B9E	0000	164

C:\Program Files\Microchip\xc8\v2.46\pic\sources\c99\common\__lldiv.c estimated size: 164

download.c
		_SerialDownload		CODE           	12B88	0000	398

download.c estimated size: 398

C:\Program Files\Microchip\xc8\v2.46\pic\sources\c99\common\sprcadd.c
		___fladd       		CODE           	10D72	0000	1216

C:\Program Files\Microchip\xc8\v2.46\pic\sources\c99\common\sprcadd.c estimated size: 1216

mcc_generated_files/system/src/clock.c
		_CLOCK_Initialize		CODE           	14BC0	0000	34

mcc_generated_files/system/src/clock.c estimated size: 34

mcc_generated_files/pwm/src/pwm4_16bit.c
		_PWM4_16BIT_Period_SetInterruptHandler		CODE           	14D10	0000	14
		_PWM4_16BIT_Slice1Output1_SetInterruptHandler		CODE           	14D02	0000	14
		_PWM4_16BIT_Slice1Output2_SetInterruptHandler		CODE           	14CF4	0000	14
		_PWM4_16BIT_Initialize		CODE           	13EFA	0000	122
		_PWM4_16BIT_LoadBufferRegisters		CODE           	14DE2	0000	4
		_PWM4_16BIT_SetSlice1Output1DutyCycleRegister		CODE           	14D72	0000	10

mcc_generated_files/pwm/src/pwm4_16bit.c estimated size: 178

mcc_generated_files/timer/src/tmr0.c
		_TMR0_OverflowCallbackRegister		CODE           	14CCA	0000	14
		_TMR0_DefaultOverflowCallback		CODE           	14DF8	0000	2
		_TMR0_OverflowISR		CODE           	148AC	0000	52
		_TMR0_Initialize		CODE           	1496E	0000	42
		_TMR0_Start    		CODE           	14DC4	0000	6

mcc_generated_files/timer/src/tmr0.c estimated size: 116

common.c
		_SerialPutChar 		CODE           	14A3A	0000	40
		_Int2Str       		CODE           	12D16	0000	370
		_Main_Menu     		CODE           	11E52	0000	914
		_Serial_PutString		CODE           	14272	0000	98
		_GetKey        		CODE           	13828	0000	192
		_delay_1s      		CODE           	1420C	0000	102
		_SerialKeyPressed		CODE           	13E7E	0000	124
		_Str2Int       		CODE           	107EC	0000	1414

common.c estimated size: 3254

C:\Program Files\Microchip\xc8\v2.46\pic\sources\c99\common\llmod.c
		___llmod       		CODE           	13DF6	0000	136

C:\Program Files\Microchip\xc8\v2.46\pic\sources\c99\common\llmod.c estimated size: 136

main.c
		_rgbSetGreen   		CODE           	147DC	0000	52
		_readRegister  		CODE           	14060	0000	110
		_processSLIP   		CODE           	1165C	0000	1036
		_writeUARTBuffer		CODE           	146BE	0000	68
		_readSignedRegister		CODE           	14334	0000	96
		_slipPacketSend		CODE           	12818	0000	444
		_clearUARTbuffer		CODE           	14BE2	0000	34
		_main          		CODE           	13328	0000	234
		_measurementByteSplit		CODE           	13FEE	0000	114
		_getSlotAddress		CODE           	141A4	0000	104
		_Timer0OverflowHandler		CODE           	1459A	0000	80
		_rgbSetYellow  		CODE           	14774	0000	52
		_rgbSetRed     		CODE           	147A8	0000	52
		_calculate_crc8		CODE           	140CE	0000	108
		_send_ack      		CODE           	14A12	0000	40
		_scaleMeasurements		CODE           	11A68	0000	1002
		_updateRelayRGB		CODE           	134F2	0000	212
		_INT2_Button_Callback		CODE           	14DBC	0000	8
		_send_nack     		CODE           	149EA	0000	40
		_SPIRxEventHandler		CODE           	14C9C	0000	18
		_readUnsignedRegister		CODE           	142D4	0000	96
		_UARTRxCompleteHandler		CODE           	14A88	0000	38
		_readSLIP      		CODE           	121E4	0000	612
		_updateMeasurements		CODE           	13AFA	0000	164
		_readUARTbuffer		CODE           	14844	0000	52
		_SPITxEventHandler		CODE           	14634	0000	70

main.c estimated size: 4936

C:\Program Files\Microchip\xc8\v2.46\pic\sources\c99\common\Umul32.c
		___lmul        		CODE           	1413A	0000	106

C:\Program Files\Microchip\xc8\v2.46\pic\sources\c99\common\Umul32.c estimated size: 106

mcc_generated_files/uart/src/uart2.c
		_UART2_ParityErrorCallbackRegister		CODE           	14B5A	0000	34
		_putch         		CODE           	14C24	0000	30
		_UART2_DefaultOverrunErrorCallback		CODE           	14DEE	0000	2
		_UART2_IsTxReady		CODE           	14944	0000	42
		_UART2_Write   		CODE           	14DAC	0000	8
		_UART2_FramingErrorCallbackRegister		CODE           	14B9E	0000	34
		_UART2_OverrunErrorCallbackRegister		CODE           	14B7C	0000	34
		_UART2_Initialize		CODE           	13D6C	0000	138
		_UART2_DefaultFramingErrorCallback		CODE           	14DF2	0000	2

mcc_generated_files/uart/src/uart2.c estimated size: 324

mcc_generated_files/system/src/system.c
		_CPU_Initialize		CODE           	14810	0000	52
		_SYSTEM_Initialize		CODE           	148E0	0000	50

mcc_generated_files/system/src/system.c estimated size: 102

mcc_generated_files/spi/src/spi1.c
		_SPI1_BufferRead		CODE           	14394	0000	96
		_SPI1_TxCompleteCallbackRegister		CODE           	14CD8	0000	14
		_SPI1_RxCompleteCallbackRegister		CODE           	14CE6	0000	14
		_SPI1_Transmit_ISR		CODE           	13CDA	0000	146
		_SPI1_ISR      		CODE           	14DFA	0000	2
		_SPI1_Open     		CODE           	135C6	0000	212
		_SPI1_BufferWrite		CODE           	143F4	0000	92
		_SPI1_Initialize		CODE           	1467A	0000	68
		_SPI1_IsTxReady		CODE           	14AAE	0000	36
		_SPI1_Receive_ISR		CODE           	13C42	0000	152

mcc_generated_files/spi/src/spi1.c estimated size: 832

